C:\Program Files\dotnet\sdk\10.0.103\Microsoft.Common.CurrentVersion.targets(5080,5): error MSB3027: Could not copy "c:\Users\RIJASMK\source\repos\ARMS.v2\ArmsAdmin\bin\Debug\net10.0\ArmsAdmin.dll" to "bin\Debug\net10.0\ArmsAdmin.dll". Exceeded retry count of 10. Failed. The file is locked by: "Microsoft Visual Studio (4112), IIS Express Worker Process (17900)" [c:\Users\RIJASMK\source\repos\ARMS.v2\Views\Views.csproj]
C:\Program Files\dotnet\sdk\10.0.103\Microsoft.Common.CurrentVersion.targets(5080,5): error MSB3021: Unable to copy file "c:\Users\RIJASMK\source\repos\ARMS.v2\ArmsAdmin\bin\Debug\net10.0\ArmsAdmin.dll" to "bin\Debug\net10.0\ArmsAdmin.dll". The process cannot access the file 'c:\Users\RIJASMK\source\repos\ARMS.v2\Views\bin\Debug\net10.0\ArmsAdmin.dll' because it is being used by another process. [c:\Users\RIJASMK\source\repos\ARMS.v2\Views\Views.csproj]
C:\Program Files\dotnet\sdk\10.0.103\Microsoft.Common.CurrentVersion.targets(5080,5): error MSB3027: Could not copy "c:\Users\RIJASMK\source\repos\ARMS.v2\ArmsModels\bin\Debug\net10.0\Core.dll" to "bin\Debug\net10.0\Core.dll". Exceeded retry count of 10. Failed. The file is locked by: "Microsoft Visual Studio (4112), IIS Express Worker Process (17900)" [c:\Users\RIJASMK\source\repos\ARMS.v2\Views\Views.csproj]
C:\Program Files\dotnet\sdk\10.0.103\Microsoft.Common.CurrentVersion.targets(5080,5): error MSB3021: Unable to copy file "c:\Users\RIJASMK\source\repos\ARMS.v2\ArmsModels\bin\Debug\net10.0\Core.dll" to "bin\Debug\net10.0\Core.dll". The process cannot access the file 'c:\Users\RIJASMK\source\repos\ARMS.v2\Views\bin\Debug\net10.0\Core.dll' because it is being used by another process. [c:\Users\RIJASMK\source\repos\ARMS.v2\Views\Views.csproj]
C:\Program Files\dotnet\sdk\10.0.103\Microsoft.Common.CurrentVersion.targets(5080,5): error MSB3027: Could not copy "c:\Users\RIJASMK\source\repos\ARMS.v2\ArmsServices\bin\Debug\net10.0\DAL.dll" to "bin\Debug\net10.0\DAL.dll". Exceeded retry count of 10. Failed. The file is locked by: "Microsoft Visual Studio (4112), IIS Express Worker Process (17900)" [c:\Users\RIJASMK\source\repos\ARMS.v2\Views\Views.csproj]
C:\Program Files\dotnet\sdk\10.0.103\Microsoft.Common.CurrentVersion.targets(5080,5): error MSB3021: Unable to copy file "c:\Users\RIJASMK\source\repos\ARMS.v2\ArmsServices\bin\Debug\net10.0\DAL.dll" to "bin\Debug\net10.0\DAL.dll". The process cannot access the file 'c:\Users\RIJASMK\source\repos\ARMS.v2\Views\bin\Debug\net10.0\DAL.dll' because it is being used by another process. [c:\Users\RIJASMK\source\repos\ARMS.v2\Views\Views.csproj]

Build FAILED.
    1296 Warning(s)
    6 Error(s)

Time Elapsed 00:00:47.81
