C:\Users\RIJASMK\source\repos\ARMS.v2\ARMS_Reports\ARMS_Reports\ARMS_Reports.rptproj : warning NU1503: Skipping restore for project 'C:\Users\RIJASMK\source\repos\ARMS.v2\ARMS_Reports\ARMS_Reports\ARMS_Reports.rptproj'. The project file may be invalid or missing targets required for restore. [C:\Users\RIJASMK\source\repos\ARMS.v2\ARMS.v2.sln]
  Determining projects to restore...
C:\Users\RIJASMK\source\repos\ARMS.v2\Views\Views.csproj : warning NU1902: Package 'MimeKit' 4.14.0 has a known moderate severity vulnerability, https://github.com/advisories/GHSA-g7hc-96xr-gvvx [C:\Users\RIJASMK\source\repos\ARMS.v2\ARMS.v2.sln]
  All projects are up-to-date for restore.
C:\Users\RIJASMK\source\repos\ARMS.v2\ARMS_Reports\ARMS_Reports\ARMS_Reports.rptproj(164,3): error MSB4019: The imported project "C:\Program Files\dotnet\sdk\10.0.104\Reporting Services\Microsoft.ReportingServices.MSBuilder.targets" was not found. Confirm that the expression in the Import declaration "$(MSBuildExtensionsPath)\Reporting Services\Microsoft.ReportingServices.MSBuilder.targets", which evaluated to "C:\Program Files\dotnet\sdk\10.0.104\\Reporting Services\Microsoft.ReportingServices.MSBuilder.targets", is correct, and that the file exists on disk.
  Core -> C:\Users\RIJASMK\source\repos\ARMS.v2\ArmsModels\bin\Debug\net10.0\Core.dll
C:\Users\RIJASMK\source\repos\ARMS.v2\Views\Views.csproj : warning NU1902: Package 'MimeKit' 4.14.0 has a known moderate severity vulnerability, https://github.com/advisories/GHSA-g7hc-96xr-gvvx
  DAL -> C:\Users\RIJASMK\source\repos\ARMS.v2\ArmsServices\bin\Debug\net10.0\DAL.dll
  ArmsAdmin -> C:\Users\RIJASMK\source\repos\ARMS.v2\ArmsAdmin\bin\Debug\net10.0\ArmsAdmin.dll
  MobileAPI -> C:\Users\RIJASMK\source\repos\ARMS.v2\MobileAPI\bin\Debug\net10.0\MobileAPI.dll
  Views -> C:\Users\RIJASMK\source\repos\ARMS.v2\Views\bin\Debug\net10.0\Views.dll

Build FAILED.

C:\Users\RIJASMK\source\repos\ARMS.v2\ARMS_Reports\ARMS_Reports\ARMS_Reports.rptproj : warning NU1503: Skipping restore for project 'C:\Users\RIJASMK\source\repos\ARMS.v2\ARMS_Reports\ARMS_Reports\ARMS_Reports.rptproj'. The project file may be invalid or missing targets required for restore. [C:\Users\RIJASMK\source\repos\ARMS.v2\ARMS.v2.sln]
C:\Users\RIJASMK\source\repos\ARMS.v2\Views\Views.csproj : warning NU1902: Package 'MimeKit' 4.14.0 has a known moderate severity vulnerability, https://github.com/advisories/GHSA-g7hc-96xr-gvvx [C:\Users\RIJASMK\source\repos\ARMS.v2\ARMS.v2.sln]
C:\Users\RIJASMK\source\repos\ARMS.v2\Views\Views.csproj : warning NU1902: Package 'MimeKit' 4.14.0 has a known moderate severity vulnerability, https://github.com/advisories/GHSA-g7hc-96xr-gvvx
C:\Users\RIJASMK\source\repos\ARMS.v2\ARMS_Reports\ARMS_Reports\ARMS_Reports.rptproj(164,3): error MSB4019: The imported project "C:\Program Files\dotnet\sdk\10.0.104\Reporting Services\Microsoft.ReportingServices.MSBuilder.targets" was not found. Confirm that the expression in the Import declaration "$(MSBuildExtensionsPath)\Reporting Services\Microsoft.ReportingServices.MSBuilder.targets", which evaluated to "C:\Program Files\dotnet\sdk\10.0.104\\Reporting Services\Microsoft.ReportingServices.MSBuilder.targets", is correct, and that the file exists on disk.
    3 Warning(s)
    1 Error(s)

Time Elapsed 00:00:04.98
